// Jest Snapshot v1, https://goo.gl/fbAQLP

exports[`Should render ExpenseListItem with an expense 1`] = `
<div>
  <Link
    replace={false}
    to="/edit/2"
  >
    <h3>
      Rent
    </h3>
  </Link>
  <p>
    $1,165.00
    -
    December 27O, 1969
  </p>
</div>
`;
